c:\users\user\desktop\code\poupou p2p stream\x64\release\vc143.pdb
c:\users\user\desktop\code\poupou p2p stream\x64\release\imgui_impl_win32.obj
c:\users\user\desktop\code\poupou p2p stream\x64\release\imgui_impl_dx11.obj
c:\users\user\desktop\code\poupou p2p stream\x64\release\imgui_widgets.obj
c:\users\user\desktop\code\poupou p2p stream\x64\release\imgui_tables.obj
c:\users\user\desktop\code\poupou p2p stream\x64\release\imgui_draw.obj
c:\users\user\desktop\code\poupou p2p stream\x64\release\imgui_demo.obj
c:\users\user\desktop\code\poupou p2p stream\x64\release\imgui.obj
c:\users\user\desktop\code\poupou p2p stream\x64\release\gui.obj
c:\users\user\desktop\code\poupou p2p stream\x64\release\dx11.obj
c:\users\user\desktop\code\poupou p2p stream\x64\release\main.obj
c:\users\user\desktop\code\poupou p2p stream\x64\release\icon_manager.obj
c:\users\user\desktop\code\poupou p2p stream\x64\release\poupou p2p stream.exe
c:\users\user\desktop\code\poupou p2p stream\x64\release\poupou p2p stream.pdb
c:\users\user\desktop\code\poupou p2p stream\x64\release\poupou p2p stream.ipdb
c:\users\user\desktop\code\poupou p2p stream\x64\release\poupou p2p stream.iobj
c:\users\user\desktop\code\poupou p2p stream\x64\release\poupou p.b2fe86d4.tlog\cl.command.1.tlog
c:\users\user\desktop\code\poupou p2p stream\x64\release\poupou p.b2fe86d4.tlog\cl.items.tlog
c:\users\user\desktop\code\poupou p2p stream\x64\release\poupou p.b2fe86d4.tlog\cl.read.1.tlog
c:\users\user\desktop\code\poupou p2p stream\x64\release\poupou p.b2fe86d4.tlog\cl.write.1.tlog
c:\users\user\desktop\code\poupou p2p stream\x64\release\poupou p.b2fe86d4.tlog\link.command.1.tlog
c:\users\user\desktop\code\poupou p2p stream\x64\release\poupou p.b2fe86d4.tlog\link.read.1.tlog
c:\users\user\desktop\code\poupou p2p stream\x64\release\poupou p.b2fe86d4.tlog\link.secondary.1.tlog
c:\users\user\desktop\code\poupou p2p stream\x64\release\poupou p.b2fe86d4.tlog\link.write.1.tlog
