c:\users\user\desktop\code\poupou p2p stream\x64\debug\vc143.pdb
c:\users\user\desktop\code\poupou p2p stream\x64\debug\vc143.idb
c:\users\user\desktop\code\poupou p2p stream\x64\debug\imgui_impl_win32.obj
c:\users\user\desktop\code\poupou p2p stream\x64\debug\imgui_impl_dx11.obj
c:\users\user\desktop\code\poupou p2p stream\x64\debug\imgui_widgets.obj
c:\users\user\desktop\code\poupou p2p stream\x64\debug\imgui_tables.obj
c:\users\user\desktop\code\poupou p2p stream\x64\debug\imgui_draw.obj
c:\users\user\desktop\code\poupou p2p stream\x64\debug\imgui_demo.obj
c:\users\user\desktop\code\poupou p2p stream\x64\debug\imgui.obj
c:\users\user\desktop\code\poupou p2p stream\x64\debug\gui.obj
c:\users\user\desktop\code\poupou p2p stream\x64\debug\dx11.obj
c:\users\user\desktop\code\poupou p2p stream\x64\debug\main.obj
c:\users\user\desktop\code\poupou p2p stream\x64\debug\icon_manager.obj
c:\users\user\desktop\code\poupou p2p stream\x64\debug\poupou p2p stream.exe
c:\users\user\desktop\code\poupou p2p stream\x64\debug\poupou p2p stream.pdb
c:\users\user\desktop\code\poupou p2p stream\x64\debug\poupou p2p stream.ilk
c:\users\user\desktop\code\poupou p2p stream\x64\debug\poupou p.b2fe86d4.tlog\cl.command.1.tlog
c:\users\user\desktop\code\poupou p2p stream\x64\debug\poupou p.b2fe86d4.tlog\cl.items.tlog
c:\users\user\desktop\code\poupou p2p stream\x64\debug\poupou p.b2fe86d4.tlog\cl.read.1.tlog
c:\users\user\desktop\code\poupou p2p stream\x64\debug\poupou p.b2fe86d4.tlog\cl.write.1.tlog
c:\users\user\desktop\code\poupou p2p stream\x64\debug\poupou p.b2fe86d4.tlog\link.command.1.tlog
c:\users\user\desktop\code\poupou p2p stream\x64\debug\poupou p.b2fe86d4.tlog\link.read.1.tlog
c:\users\user\desktop\code\poupou p2p stream\x64\debug\poupou p.b2fe86d4.tlog\link.secondary.1.tlog
c:\users\user\desktop\code\poupou p2p stream\x64\debug\poupou p.b2fe86d4.tlog\link.write.1.tlog
